// Jest Snapshot v1, https://goo.gl/fbAQLP

exports[`HelloWorld It renders using renderer and is compared to snaphot 1`] = `
<div>
  Hello World, 
  Peter
</div>
`;
